LTspice 24.1.1 for Windows
Circuit: D:\dev\projects\c0mm3nt\ThermalKraken\cad\opamp_spice\Draft3.net
Start Time: Wed Feb  5 12:33:47 2025
solver = Normal
Maximum thread count: 8
tnom = 27
temp = -20
method = trap
WARNING: Node n001 is floating.

Direct Newton iteration failed to find .op point.  (Use ".option noopiter" to skip.)
Starting Gmin stepping
Gmin = 10
Gmin = 1.07374
Gmin = 0.115292
Gmin = 0.0123794
Gmin = 0.00132923
Gmin = 0.000142725
Gmin = 1.5325e-05
vernier = 0.5
vernier = 0.25
Gmin = 5.83492e-06
vernier = 0.125
vernier = 0.0625
vernier = 0.03125
Gmin = 5.40096e-06
vernier = 0.015625
vernier = 0.0208333
Gmin = 5.18788e-06
vernier = 0.0277778
vernier = 0.0138889
Gmin = 4.96813e-06
vernier = 0.00694444
vernier = 0.00347222
vernier = 0.00173611
vernier = 0.000868055
Gmin = 4.94879e-06
vernier = 0.000434028
Gmin = 0
Gmin stepping failed

Starting source stepping with srcstepmethod=0
Source Step = 3.0303%
Source Step = 8.52273%
vernier = 0.015625
Source Step = 8.80682%
Source Step = 9.2803%
Source Step = 9.75379%
Source Step = 10.2273%
Source Step = 10.7008%
vernier = 0.0234375
Source Step = 11.3873%
Source Step = 12.0975%
Source Step = 12.8078%
Source Step = 13.1762%
Starting source stepping with srcstepmethod=1
Source Step = 3.0303%
Source Step = 8.52273%
vernier = 0.015625
Source Step = 8.80682%
Source Step = 9.2803%
Source stepping failed

Pseudo Transient failed in finding the operating point at 5 µs.

Simulation Failed: Iteration limit reached

Total elapsed time: 0.387 seconds.

Files loaded:
D:\dev\projects\c0mm3nt\ThermalKraken\cad\opamp_spice\Draft3.net
C:\Users\sebpf\Documents\LTspice\NTC_Lib_2024\NTC_Library.lib

